BL51 BANKED LINKER/LOCATER V6.22                                                        04/02/2019  17:37:20  PAGE 1


BL51 BANKED LINKER/LOCATER V6.22, INVOKED BY:
C:\KEIL\C51\BIN\BL51.EXE STARTUP.obj, FO-M3.obj, FCT_03A.obj, FO-M4.obj, main.obj, FCT_05A.obj TO Test RAMSIZE (256)


MEMORY MODEL: SMALL WITH FLOATING POINT ARITHMETIC


INPUT MODULES INCLUDED:
  STARTUP.obj (?C_STARTUP)
  FO-M3.obj (FO_M3)
  FCT_03A.obj (FCT_03A)
  FO-M4.obj (FO_M4)
  main.obj (MAIN)
  FCT_05A.obj (FCT_05A)
  C:\KEIL\C51\LIB\C51FPS.LIB (?C?FPADD)
  C:\KEIL\C51\LIB\C51FPS.LIB (?C?FPMUL)
  C:\KEIL\C51\LIB\C51FPS.LIB (?C?FPDIV)
  C:\KEIL\C51\LIB\C51FPS.LIB (?C?FCAST)
  C:\KEIL\C51\LIB\C51FPS.LIB (?C?CASTF)
  C:\KEIL\C51\LIB\C51FPS.LIB (PRINTF)
  C:\KEIL\C51\LIB\C51FPS.LIB (?C?FPGETOPN)
  C:\KEIL\C51\LIB\C51FPS.LIB (?C?FPROUND)
  C:\KEIL\C51\LIB\C51FPS.LIB (?C?FPCONVERT)
  C:\KEIL\C51\LIB\C51FPS.LIB (?C?FTNPWR)
  C:\KEIL\C51\LIB\C51S.LIB (?C_INIT)
  C:\KEIL\C51\LIB\C51S.LIB (?C?COPY)
  C:\KEIL\C51\LIB\C51S.LIB (?C?CLDPTR)
  C:\KEIL\C51\LIB\C51S.LIB (?C?CLDOPTR)
  C:\KEIL\C51\LIB\C51S.LIB (?C?CSTPTR)
  C:\KEIL\C51\LIB\C51S.LIB (?C?IMUL)
  C:\KEIL\C51\LIB\C51S.LIB (?C?SIDIV)
  C:\KEIL\C51\LIB\C51S.LIB (?C?SLDIV)
  C:\KEIL\C51\LIB\C51S.LIB (?C?LNEG)
  C:\KEIL\C51\LIB\C51S.LIB (?C?PLDIIDATA)
  C:\KEIL\C51\LIB\C51S.LIB (?C?CCASE)
  C:\KEIL\C51\LIB\C51S.LIB (PUTCHAR)
  C:\KEIL\C51\LIB\C51S.LIB (ABS)
  C:\KEIL\C51\LIB\C51S.LIB (?C?STRCMP)
  C:\KEIL\C51\LIB\C51S.LIB (?C?MEMSET)
  C:\KEIL\C51\LIB\C51S.LIB (?C?UIDIV)
  C:\KEIL\C51\LIB\C51S.LIB (?C?ULDIV)


LINK MAP OF MODULE:  Test (?C_STARTUP)


            TYPE    BASE      LENGTH    RELOCATION   SEGMENT NAME
            -----------------------------------------------------

            * * * * * * *   D A T A   M E M O R Y   * * * * * * *
            REG     0000H     0008H     ABSOLUTE     "REG BANK 0"
            DATA    0008H     0013H     UNIT         ?DT?_CDE_SERVO_H?FO_M3
            DATA    001BH     0004H     UNIT         ?DT?COMPARE_SERVO_H?FCT_03A
            DATA    001FH     0001H     UNIT         ?DT?SERIAL0?MAIN
            BIT     0020H.0   0001H.1   UNIT         ?BI?PRINTF?PRINTF
            BIT     0021H.1   0000H.2   UNIT         ?BI?MAIN
                    0021H.3   0000H.5                *** GAP ***
            DATA    0022H     001CH     UNIT         ?DT?PRINTF?PRINTF
BL51 BANKED LINKER/LOCATER V6.22                                                      04/02/2019  17:37:20  PAGE 2


            DATA    003EH     000AH     UNIT         ?DT?COMPARE_DETECT_DIST?FCT_05A
            DATA    0048H     0007H     UNIT         ?DT?_ANGLECONVERT?FO_M3
            DATA    004FH     0006H     UNIT         ?DT?FO_M3
            DATA    0055H     0006H     UNIT         ?DT?_WAIT?MAIN
            DATA    005BH     0002H     UNIT         ?DT?DELAY?FCT_03A
            DATA    005DH     0002H     UNIT         ?DT?COUNT_OR_CAPT?FO_M4
            DATA    005FH     0002H     UNIT         ?DT?FO_M4
            DATA    0061H     0002H     UNIT         ?DT?CONFIG_CLOCK?MAIN
            DATA    0063H     0002H     UNIT         ?DT?MAIN
            IDATA   0065H     0001H     UNIT         ?STACK

            * * * * * * *  X D A T A   M E M O R Y  * * * * * * *
            XDATA   0000H     005CH     UNIT         ?XD?FCT_05A
            XDATA   005CH     0022H     UNIT         ?XD?FCT_03A

            * * * * * * *   C O D E   M E M O R Y   * * * * * * *
            CODE    0000H     0003H     ABSOLUTE     
            CODE    0003H     000FH     UNIT         ?PR?CONFIG_TIMER1?MAIN
                    0012H     0001H                  *** GAP ***
            CODE    0013H     0003H     ABSOLUTE     
            CODE    0016H     000CH     UNIT         ?PR?CONFIG_UART?MAIN
                    0022H     0001H                  *** GAP ***
            CODE    0023H     0003H     ABSOLUTE     
            CODE    0026H     0004H     UNIT         ?CO?MAIN
                    002AH     0001H                  *** GAP ***
            CODE    002BH     0003H     ABSOLUTE     
            CODE    002EH     001CH     UNIT         ?PR?DELAY?FCT_03A
                    004AH     0001H                  *** GAP ***
            CODE    004BH     0003H     ABSOLUTE     
            CODE    004EH     09C3H     UNIT         ?C?LIB_CODE
            CODE    0A11H     046FH     UNIT         ?PR?PRINTF?PRINTF
            CODE    0E80H     03E5H     UNIT         ?PR?COMPARE_DETECT_DIST?FCT_05A
            CODE    1265H     013FH     UNIT         ?PR?_ANGLECONVERT?FO_M3
            CODE    13A4H     0103H     UNIT         ?PR?COMPARE_SERVO_H?FCT_03A
            CODE    14A7H     00DDH     UNIT         ?PR?_CDE_SERVO_H?FO_M3
            CODE    1584H     008CH     UNIT         ?C_C51STARTUP
            CODE    1610H     0087H     UNIT         ?PR?COUNT_OR_CAPT?FO_M4
            CODE    1697H     006CH     UNIT         ?PR?SERIAL0?MAIN
            CODE    1703H     005AH     UNIT         ?PR?PCA_ISR?FO_M3
            CODE    175DH     0051H     UNIT         ?PR?MAIN?MAIN
            CODE    17AEH     0044H     UNIT         ?C?LDIV
            CODE    17F2H     003CH     UNIT         ?CO?FCT_05A
            CODE    182EH     003BH     UNIT         ?PR?_WAIT?MAIN
            CODE    1869H     0029H     UNIT         ?PR?INITIALISATION?MAIN
            CODE    1892H     0027H     UNIT         ?PR?PUTCHAR?PUTCHAR
            CODE    18B9H     0025H     UNIT         ?PR?CONFIG_CLOCK?MAIN
            CODE    18DEH     0022H     UNIT         ?PR?INIT_PCA?FO_M3
            CODE    1900H     0021H     UNIT         ?C_INITSEG
            CODE    1921H     0021H     UNIT         ?PR?INIT_FO_M4?FO_M4
            CODE    1942H     001EH     UNIT         ?PR?INIT_FO_M3?FO_M3
            CODE    1960H     0019H     UNIT         ?PR?TIMER2_PULSE?FO_M4
            CODE    1979H     0016H     UNIT         ?PR?ARRIVER?FCT_03A
            CODE    198FH     000CH     UNIT         ?PR?_ABS?ABS
            CODE    199BH     0008H     UNIT         ?CO?FCT_03A
            CODE    19A3H     0008H     UNIT         ?PR?ULTRASON_DIST?FO_M4
            CODE    19ABH     0003H     UNIT         ?PR?LAUNCH_TIMER2?FO_M4

BL51 BANKED LINKER/LOCATER V6.22                                                      04/02/2019  17:37:20  PAGE 3




OVERLAY MAP OF MODULE:   Test (?C_STARTUP)


SEGMENT
  +--> CALLED SEGMENT
---------------------
?C_C51STARTUP
  +--> ?PR?MAIN?MAIN
  +--> ?C_INITSEG

?PR?MAIN?MAIN
  +--> ?PR?INITIALISATION?MAIN
  +--> ?PR?INIT_FO_M3?FO_M3
  +--> ?PR?INIT_FO_M4?FO_M4
  +--> ?CO?MAIN
  +--> ?PR?_CDE_SERVO_H?FO_M3
  +--> ?PR?_WAIT?MAIN
  +--> ?PR?ARRIVER?FCT_03A

?PR?INITIALISATION?MAIN
  +--> ?PR?CONFIG_CLOCK?MAIN
  +--> ?PR?CONFIG_TIMER1?MAIN
  +--> ?PR?CONFIG_UART?MAIN

?PR?CONFIG_CLOCK?MAIN
  +--> ?PR?DELAY?FCT_03A

?PR?INIT_FO_M3?FO_M3
  +--> ?PR?INIT_PCA?FO_M3

?PR?_CDE_SERVO_H?FO_M3
  +--> ?PR?_ANGLECONVERT?FO_M3
  +--> ?PR?_ABS?ABS

?PR?ARRIVER?FCT_03A
  +--> ?PR?DELAY?FCT_03A

*** NEW ROOT ***************************************************

?PR?SERIAL0?MAIN
  +--> ?PR?COMPARE_SERVO_H?FCT_03A

?PR?COMPARE_SERVO_H?FCT_03A
  +--> ?CO?FCT_03A
  +--> ?PR?_CDE_SERVO_H?FO_M3



UNRESOLVED EXTERNAL SYMBOLS:
   BUFFER
   RUNNING
   TEMPS



BL51 BANKED LINKER/LOCATER V6.22                                                      04/02/2019  17:37:20  PAGE 4


SYMBOL TABLE OF MODULE:  Test (?C_STARTUP)

  VALUE           TYPE          NAME
  ----------------------------------

  -------         MODULE        ?C_STARTUP
  C:1584H         SEGMENT       ?C_C51STARTUP
  I:0065H         SEGMENT       ?STACK
  C:0000H         PUBLIC        ?C_STARTUP
  D:00E0H         SYMBOL        ACC
  D:00F0H         SYMBOL        B
  D:0083H         SYMBOL        DPH
  D:0082H         SYMBOL        DPL
  N:0000H         SYMBOL        IBPSTACK
  N:0100H         SYMBOL        IBPSTACKTOP
  N:0080H         SYMBOL        IDATALEN
  C:1587H         SYMBOL        IDATALOOP
  N:0000H         SYMBOL        PBPSTACK
  N:0100H         SYMBOL        PBPSTACKTOP
  N:0000H         SYMBOL        PDATALEN
  N:0000H         SYMBOL        PDATASTART
  N:0000H         SYMBOL        PPAGE
  N:0000H         SYMBOL        PPAGEENABLE
  D:00A0H         SYMBOL        PPAGE_SFR
  D:0081H         SYMBOL        SP
  C:1584H         SYMBOL        STARTUP1
  N:0000H         SYMBOL        XBPSTACK
  N:0000H         SYMBOL        XBPSTACKTOP
  N:0000H         SYMBOL        XDATALEN
  N:0000H         SYMBOL        XDATASTART
  C:0000H         LINE#         126
  C:1584H         LINE#         133
  C:1586H         LINE#         134
  C:1587H         LINE#         135
  C:1588H         LINE#         136
  C:158AH         LINE#         185
  C:158DH         LINE#         196
  -------         ENDMOD        ?C_STARTUP

  -------         MODULE        FO_M3
  C:0000H         SYMBOL        _ICE_DUMMY_
  B:00D8H.2       PUBLIC        CCF2
  B:00D8H.3       PUBLIC        CCF3
  D:0080H         PUBLIC        P0
  B:00D8H.4       PUBLIC        CCF4
  D:00FFH         PUBLIC        WDTCN
  D:00E6H         PUBLIC        EIE1
  B:00A8H.7       PUBLIC        EA
  B:00D8H.7       PUBLIC        CF
  D:00E8H         PUBLIC        ADC0CN
  C:1942H         PUBLIC        init_FO_M3
  D:00A5H         PUBLIC        P1MDOUT
  D:00A8H         PUBLIC        IE
  D:00A7H         PUBLIC        P3MDOUT
  D:00FAH         PUBLIC        PCA0CPH0
  D:00EAH         PUBLIC        PCA0CPL0
  D:00DAH         PUBLIC        PCA0CPM0
BL51 BANKED LINKER/LOCATER V6.22                                                      04/02/2019  17:37:20  PAGE 5


  D:00D9H         PUBLIC        PCA0MD
  D:00D8H         PUBLIC        PCA0CN
  D:00B8H         PUBLIC        IP
  D:00E1H         PUBLIC        XBR0
  D:00E3H         PUBLIC        XBR2
  C:1703H         PUBLIC        PCA_ISR
  D:00C0H         PUBLIC        SMB0CN
  D:00F8H         PUBLIC        SPI0CN
  D:0088H         PUBLIC        TCON
  D:00B2H         PUBLIC        OSCICN
  B:0080H.2       PUBLIC        PWM_OUT
  C:1265H         PUBLIC        _AngleConvert
  D:00B1H         PUBLIC        OSCXCN
  D:0098H         PUBLIC        SCON0
  C:14A7H         PUBLIC        _CDE_Servo_H
  D:00C8H         PUBLIC        T2CON
  D:004FH         PUBLIC        Old_Angle
  C:18DEH         PUBLIC        init_PCA
  D:0053H         PUBLIC        PWM
  D:00D0H         PUBLIC        PSW
  B:00D8H.0       PUBLIC        CCF0
  B:00D8H.1       PUBLIC        CCF1
  -------         PROC          INIT_FO_M3
  C:1942H         LINE#         9
  C:1942H         LINE#         10
  C:1945H         LINE#         11
  C:1948H         LINE#         12
  C:194BH         LINE#         13
  C:194EH         LINE#         14
  C:1951H         LINE#         15
  C:1954H         LINE#         16
  C:1957H         LINE#         17
  C:195AH         LINE#         18
  C:195CH         LINE#         19
  C:195FH         LINE#         20
  -------         ENDPROC       INIT_FO_M3
  -------         PROC          INIT_PCA
  C:18DEH         LINE#         23
  C:18DEH         LINE#         24
  C:18DEH         LINE#         25
  C:18E1H         LINE#         26
  C:18E8H         LINE#         27
  C:18F4H         LINE#         28
  C:18F7H         LINE#         29
  C:18FAH         LINE#         30
  C:18FCH         LINE#         31
  C:18FFH         LINE#         32
  -------         ENDPROC       INIT_PCA
  -------         PROC          PCA_ISR
  C:1703H         LINE#         35
  C:170EH         LINE#         37
  C:1711H         LINE#         38
  C:1713H         LINE#         39
  C:1716H         LINE#         40
  C:171DH         LINE#         41
  C:1729H         LINE#         42
  C:172BH         LINE#         43
BL51 BANKED LINKER/LOCATER V6.22                                                      04/02/2019  17:37:20  PAGE 6


  C:172BH         LINE#         44
  C:172EH         LINE#         45
  C:1731H         LINE#         46
  C:1731H         LINE#         48
  C:1733H         LINE#         49
  C:1736H         LINE#         50
  C:1738H         LINE#         51
  C:173AH         LINE#         52
  C:173DH         LINE#         53
  C:173FH         LINE#         54
  C:1741H         LINE#         55
  C:1744H         LINE#         56
  C:1746H         LINE#         57
  C:1748H         LINE#         58
  C:174BH         LINE#         59
  C:174DH         LINE#         60
  C:174FH         LINE#         61
  C:1752H         LINE#         62
  C:1754H         LINE#         63
  C:1754H         LINE#         64
  -------         ENDPROC       PCA_ISR
  -------         PROC          _ANGLECONVERT
  D:0048H         SYMBOL        Angle
  -------         DO            
  D:004BH         SYMBOL        AngleInt
  -------         ENDDO         
  C:1265H         LINE#         66
  C:126BH         LINE#         68
  C:127DH         LINE#         69
  C:1290H         LINE#         70
  C:12B9H         LINE#         71
  C:12BCH         LINE#         72
  C:12BCH         LINE#         73
  C:1308H         LINE#         74
  C:1308H         LINE#         75
  C:130BH         LINE#         77
  C:130BH         LINE#         78
  C:131EH         LINE#         79
  C:1341H         LINE#         80
  C:1343H         LINE#         81
  C:1343H         LINE#         82
  C:1398H         LINE#         83
  C:1398H         LINE#         84
  C:1398H         LINE#         85
  C:13A3H         LINE#         86
  -------         ENDPROC       _ANGLECONVERT
  -------         PROC          _CDE_SERVO_H
  D:0008H         SYMBOL        Angle
  -------         DO            
  D:000BH         SYMBOL        Time_To_Move
  D:000FH         SYMBOL        AngleFloat
  D:0013H         SYMBOL        dutyCycle
  D:0017H         SYMBOL        test
  -------         ENDDO         
  C:14A7H         LINE#         89
  C:14ADH         LINE#         91
  C:14C6H         LINE#         92
BL51 BANKED LINKER/LOCATER V6.22                                                      04/02/2019  17:37:20  PAGE 7


  C:14ECH         LINE#         94
  C:1511H         LINE#         95
  C:152CH         LINE#         96
  C:156BH         LINE#         97
  C:157BH         LINE#         98
  C:1583H         LINE#         99
  -------         ENDPROC       _CDE_SERVO_H
  -------         ENDMOD        FO_M3

  -------         MODULE        FCT_03A
  C:0000H         SYMBOL        _ICE_DUMMY_
  C:1979H         PUBLIC        arriver
  D:00E8H         PUBLIC        ADC0CN
  D:00A8H         PUBLIC        IE
  C:002EH         PUBLIC        delay
  X:006FH         PUBLIC        c1
  D:00D8H         PUBLIC        PCA0CN
  D:00B8H         PUBLIC        IP
  D:00C0H         PUBLIC        SMB0CN
  C:13A4H         PUBLIC        compare_servo_H
  D:00F8H         PUBLIC        SPI0CN
  D:0088H         PUBLIC        TCON
  C:199BH         SYMBOL        _?ix1000
  D:0099H         PUBLIC        SBUF0
  D:0098H         PUBLIC        SCON0
  D:00C8H         PUBLIC        T2CON
  D:00D0H         PUBLIC        PSW
  -------         PROC          DELAY
  -------         DO            
  D:005BH         SYMBOL        k
  -------         ENDDO         
  C:002EH         LINE#         12
  C:002EH         LINE#         14
  C:003FH         LINE#         15
  C:0049H         LINE#         17
  -------         ENDPROC       DELAY
  -------         PROC          ARRIVER
  C:1979H         LINE#         18
  C:1979H         LINE#         19
  C:197CH         LINE#         20
  C:197FH         LINE#         21
  C:1982H         LINE#         22
  C:1985H         LINE#         23
  C:1988H         LINE#         24
  C:198BH         LINE#         25
  C:198EH         LINE#         26
  -------         ENDPROC       ARRIVER
  -------         PROC          COMPARE_SERVO_H
  -------         DO            
  X:005CH         SYMBOL        c2
  X:0064H         SYMBOL        subBuffer
  X:006CH         SYMBOL        subBufferNum
  -------         DO            
  D:001BH         SYMBOL        timetomove
  -------         ENDDO         
  -------         ENDDO         
  C:13A4H         LINE#         27
BL51 BANKED LINKER/LOCATER V6.22                                                      04/02/2019  17:37:20  PAGE 8


  C:13A4H         LINE#         28
  C:13C9H         LINE#         31
  C:13EEH         LINE#         32
  C:13F3H         LINE#         33
  C:1418H         LINE#         34
  C:143CH         LINE#         36
  C:143CH         LINE#         37
  C:1460H         LINE#         38
  C:1471H         LINE#         39
  C:148CH         LINE#         40
  C:1492H         LINE#         41
  C:1494H         LINE#         42
  C:1497H         LINE#         43
  C:14A6H         LINE#         44
  -------         ENDPROC       COMPARE_SERVO_H
  -------         ENDMOD        FCT_03A

  -------         MODULE        FO_M4
  C:0000H         SYMBOL        _ICE_DUMMY_
  D:0080H         PUBLIC        P0
  D:00FFH         PUBLIC        WDTCN
  D:00B0H         PUBLIC        P3
  B:00A8H.7       PUBLIC        EA
  D:00E8H         PUBLIC        ADC0CN
  D:00A4H         PUBLIC        P0MDOUT
  C:1921H         PUBLIC        init_FO_M4
  D:00A8H         PUBLIC        IE
  D:00A7H         PUBLIC        P3MDOUT
  B:00C8H.6       PUBLIC        EXF2
  D:00D8H         PUBLIC        PCA0CN
  D:00B8H         PUBLIC        IP
  D:00E1H         PUBLIC        XBR0
  D:00E2H         PUBLIC        XBR1
  D:00E3H         PUBLIC        XBR2
  D:00CBH         PUBLIC        RCAP2H
  D:00C0H         PUBLIC        SMB0CN
  D:00CAH         PUBLIC        RCAP2L
  D:00F8H         PUBLIC        SPI0CN
  D:0088H         PUBLIC        TCON
  C:1610H         PUBLIC        Count_or_Capt
  D:00B2H         PUBLIC        OSCICN
  C:1960H         PUBLIC        Timer2_pulse
  B:00C8H.1       PUBLIC        CT2
  B:00A8H.5       PUBLIC        ET2
  B:00C8H.7       PUBLIC        TF2
  D:00CDH         PUBLIC        TH2
  D:00B1H         PUBLIC        OSCXCN
  D:00CCH         PUBLIC        TL2
  C:19A3H         PUBLIC        Ultrason_Dist
  B:00C8H.2       PUBLIC        TR2
  B:00B0H.7       PUBLIC        Signal_Trig
  D:005FH         PUBLIC        distance_ultra
  B:00C8H.3       PUBLIC        EXEN2
  B:00C8H.0       PUBLIC        CPRL2
  D:0098H         PUBLIC        SCON0
  D:00C8H         PUBLIC        T2CON
  C:19ABH         PUBLIC        Launch_Timer2
BL51 BANKED LINKER/LOCATER V6.22                                                      04/02/2019  17:37:20  PAGE 9


  D:00D0H         PUBLIC        PSW
  -------         PROC          INIT_FO_M4
  C:1921H         LINE#         10
  C:1921H         LINE#         11
  C:1924H         LINE#         12
  C:1927H         LINE#         13
  C:192AH         LINE#         14
  C:192DH         LINE#         15
  C:1930H         LINE#         16
  C:1933H         LINE#         17
  C:1936H         LINE#         18
  C:1939H         LINE#         19
  C:193CH         LINE#         20
  C:193FH         LINE#         21
  C:1941H         LINE#         23
  -------         ENDPROC       INIT_FO_M4
  -------         PROC          TIMER2_PULSE
  C:1960H         LINE#         25
  C:1960H         LINE#         26
  C:1960H         LINE#         27
  C:1962H         LINE#         28
  C:1965H         LINE#         29
  C:1968H         LINE#         30
  C:196BH         LINE#         31
  C:196EH         LINE#         32
  C:1970H         LINE#         33
  C:1972H         LINE#         34
  C:1974H         LINE#         35
  C:1976H         LINE#         36
  C:1978H         LINE#         37
  -------         ENDPROC       TIMER2_PULSE
  -------         PROC          COUNT_OR_CAPT
  -------         DO            
  D:005DH         SYMBOL        time
  -------         ENDDO         
  C:1610H         LINE#         38
  C:162DH         LINE#         40
  C:1633H         LINE#         41
  C:1636H         LINE#         42
  C:1638H         LINE#         43
  C:163AH         LINE#         44
  C:163CH         LINE#         45
  C:163EH         LINE#         46
  C:1640H         LINE#         48
  C:1642H         LINE#         49
  C:1642H         LINE#         50
  C:1644H         LINE#         51
  C:166BH         LINE#         52
  C:167AH         LINE#         53
  C:167CH         LINE#         54
  C:167CH         LINE#         55
  -------         ENDPROC       COUNT_OR_CAPT
  -------         PROC          LAUNCH_TIMER2
  C:19ABH         LINE#         56
  C:19ABH         LINE#         57
  C:19ADH         LINE#         58
  -------         ENDPROC       LAUNCH_TIMER2
BL51 BANKED LINKER/LOCATER V6.22                                                      04/02/2019  17:37:20  PAGE 10


  -------         PROC          ULTRASON_DIST
  C:19A3H         LINE#         59
  C:19A3H         LINE#         60
  C:19A6H         LINE#         61
  C:19AAH         LINE#         62
  -------         ENDPROC       ULTRASON_DIST
  -------         ENDMOD        FO_M4

  -------         MODULE        MAIN
  C:0000H         SYMBOL        _ICE_DUMMY_
  B:0098H.7       PUBLIC        SM00
  B:0098H.6       PUBLIC        SM10
  B:00A8H.7       PUBLIC        EA
  D:00E7H         PUBLIC        EIE2
  D:00E8H         PUBLIC        ADC0CN
  D:00A4H         PUBLIC        P0MDOUT
  D:00A5H         PUBLIC        P1MDOUT
  D:00A8H         PUBLIC        IE
  B:0098H.4       PUBLIC        REN0
  D:00D8H         PUBLIC        PCA0CN
  C:0016H         PUBLIC        config_UART
  D:00B8H         PUBLIC        IP
  D:0063H         PUBLIC        index
  D:00E1H         PUBLIC        XBR0
  D:00E2H         PUBLIC        XBR1
  D:00FFH         PUBLIC        Reg
  D:00E3H         PUBLIC        XBR2
  D:00C0H         PUBLIC        SMB0CN
  C:175DH         PUBLIC        main
  D:00F8H         PUBLIC        SPI0CN
  C:0003H         PUBLIC        config_timer1
  D:0087H         PUBLIC        PCON
  C:1697H         PUBLIC        serial0
  D:0089H         PUBLIC        TMOD
  D:0088H         PUBLIC        TCON
  C:182EH         PUBLIC        _wait
  D:00B2H         PUBLIC        OSCICN
  B:00A8H.4       PUBLIC        ES0
  B:0021H.1       PUBLIC        TI0_flag
  B:0098H.0       PUBLIC        RI0
  B:0098H.1       PUBLIC        TI0
  D:008DH         PUBLIC        TH1
  D:00B1H         PUBLIC        OSCXCN
  B:0088H.6       PUBLIC        TR1
  B:0021H.2       PUBLIC        ok
  D:0099H         PUBLIC        SBUF0
  D:0098H         PUBLIC        SCON0
  D:00C8H         PUBLIC        T2CON
  C:18B9H         PUBLIC        config_clock
  C:1869H         PUBLIC        initialisation
  D:008EH         PUBLIC        CKCON
  D:00D0H         PUBLIC        PSW
  -------         PROC          INITIALISATION
  C:1869H         LINE#         8
  C:1869H         LINE#         10
  C:186CH         LINE#         11
  C:186FH         LINE#         14
BL51 BANKED LINKER/LOCATER V6.22                                                      04/02/2019  17:37:20  PAGE 11


  C:1872H         LINE#         15
  C:1875H         LINE#         16
  C:1878H         LINE#         19
  C:187BH         LINE#         20
  C:187EH         LINE#         21
  C:1881H         LINE#         24
  C:1883H         LINE#         25
  C:1886H         LINE#         26
  C:1888H         LINE#         29
  C:188BH         LINE#         30
  C:188EH         LINE#         31
  C:1891H         LINE#         34
  -------         ENDPROC       INITIALISATION
  -------         PROC          _WAIT
  D:0055H         SYMBOL        time
  -------         DO            
  D:0057H         SYMBOL        k
  D:0059H         SYMBOL        j
  -------         ENDDO         
  C:182EH         LINE#         37
  C:1832H         LINE#         39
  C:1843H         LINE#         40
  C:1854H         LINE#         41
  C:185EH         LINE#         42
  C:1868H         LINE#         44
  -------         ENDPROC       _WAIT
  -------         PROC          CONFIG_CLOCK
  -------         DO            
  D:0061H         SYMBOL        n
  -------         ENDDO         
  C:18B9H         LINE#         46
  C:18B9H         LINE#         48
  C:18BCH         LINE#         49
  C:18CDH         LINE#         50
  C:18D0H         LINE#         51
  C:18DAH         LINE#         52
  C:18DDH         LINE#         54
  -------         ENDPROC       CONFIG_CLOCK
  -------         PROC          CONFIG_TIMER1
  C:0003H         LINE#         56
  C:0003H         LINE#         57
  C:0006H         LINE#         58
  C:0009H         LINE#         59
  C:000CH         LINE#         60
  C:000FH         LINE#         61
  C:0011H         LINE#         62
  -------         ENDPROC       CONFIG_TIMER1
  -------         PROC          CONFIG_UART
  C:0016H         LINE#         64
  C:0016H         LINE#         65
  C:0018H         LINE#         66
  C:001AH         LINE#         67
  C:001DH         LINE#         68
  C:001FH         LINE#         69
  C:0021H         LINE#         70
  -------         ENDPROC       CONFIG_UART
  -------         PROC          SERIAL0
BL51 BANKED LINKER/LOCATER V6.22                                                      04/02/2019  17:37:20  PAGE 12


  -------         DO            
  D:001FH         SYMBOL        ch
  -------         ENDDO         
  C:1697H         LINE#         73
  C:16B4H         LINE#         75
  C:16B7H         LINE#         76
  C:16BAH         LINE#         77
  C:16C0H         LINE#         78
  C:16D9H         LINE#         79
  C:16DBH         LINE#         80
  C:16DBH         LINE#         81
  C:16DEH         LINE#         82
  C:16E0H         LINE#         83
  C:16E0H         LINE#         84
  C:16E2H         LINE#         85
  C:16E4H         LINE#         86
  C:16E4H         LINE#         87
  C:16E6H         LINE#         88
  C:16E8H         LINE#         89
  C:16E8H         LINE#         90
  -------         ENDPROC       SERIAL0
  -------         PROC          MAIN
  C:175DH         LINE#         92
  C:175DH         LINE#         93
  C:1760H         LINE#         94
  C:1763H         LINE#         95
  C:1766H         LINE#         96
  C:176CH         LINE#         97
  C:176EH         LINE#         98
  C:1770H         LINE#         99
  C:1781H         LINE#         100
  C:1781H         LINE#         101
  C:1784H         LINE#         102
  C:1786H         LINE#         103
  C:178CH         LINE#         104
  C:1794H         LINE#         105
  C:17A2H         LINE#         106
  C:17A5H         LINE#         107
  C:17ABH         LINE#         108
  C:17ABH         LINE#         109
  C:17ABH         LINE#         110
  C:17ADH         LINE#         111
  -------         ENDPROC       MAIN
  -------         ENDMOD        MAIN

  -------         MODULE        FCT_05A
  C:0000H         SYMBOL        _ICE_DUMMY_
  D:00E8H         PUBLIC        ADC0CN
  D:00A8H         PUBLIC        IE
  D:00D8H         PUBLIC        PCA0CN
  D:00B8H         PUBLIC        IP
  D:00C0H         PUBLIC        SMB0CN
  D:00F8H         PUBLIC        SPI0CN
  D:0088H         PUBLIC        TCON
  C:17F5H         SYMBOL        _?ix1000
  C:1804H         SYMBOL        _?ix1001
  C:1808H         SYMBOL        _?ix1002
BL51 BANKED LINKER/LOCATER V6.22                                                      04/02/2019  17:37:20  PAGE 13


  C:180EH         SYMBOL        _?ix1003
  C:1815H         SYMBOL        _?ix1004
  C:181EH         SYMBOL        _?ix1005
  C:1825H         SYMBOL        _?ix1006
  C:0E80H         PUBLIC        compare_detect_dist
  D:0099H         PUBLIC        SBUF0
  D:0098H         PUBLIC        SCON0
  D:00C8H         PUBLIC        T2CON
  D:00D0H         PUBLIC        PSW
  -------         PROC          COMPARE_DETECT_DIST
  -------         DO            
  X:0000H         SYMBOL        c1
  X:000FH         SYMBOL        c2
  X:0013H         SYMBOL        c3
  X:0019H         SYMBOL        c4
  X:0020H         SYMBOL        c5
  X:0029H         SYMBOL        c6
  X:0030H         SYMBOL        c7
  X:0039H         SYMBOL        subBuffer4
  X:0040H         SYMBOL        subBuffer5
  X:0049H         SYMBOL        subBuffer6
  X:0050H         SYMBOL        subBuffer7
  X:0059H         SYMBOL        subBufferNum
  D:003EH         SYMBOL        distance
  -------         ENDDO         
  C:0E80H         LINE#         7
  C:0E80H         LINE#         8
  C:0EA5H         LINE#         9
  C:0ECAH         LINE#         10
  C:0EEFH         LINE#         11
  C:0F14H         LINE#         12
  C:0F39H         LINE#         13
  C:0F5EH         LINE#         14
  C:0F83H         LINE#         22
  C:0FA8H         LINE#         23
  C:0FADH         LINE#         24
  C:0FD2H         LINE#         25
  C:0FD7H         LINE#         26
  C:0FFCH         LINE#         27
  C:1001H         LINE#         28
  C:1026H         LINE#         29
  C:102BH         LINE#         31
  C:104FH         LINE#         33
  C:1077H         LINE#         34
  C:107AH         LINE#         35
  C:109EH         LINE#         37
  C:10C6H         LINE#         38
  C:10C9H         LINE#         39
  C:10EDH         LINE#         40
  C:1115H         LINE#         41
  C:1118H         LINE#         42
  C:113CH         LINE#         43
  C:1164H         LINE#         44
  C:1167H         LINE#         45
  C:118BH         LINE#         46
  C:11B3H         LINE#         47
  C:11B6H         LINE#         48
BL51 BANKED LINKER/LOCATER V6.22                                                      04/02/2019  17:37:20  PAGE 14


  C:11DAH         LINE#         49
  C:1202H         LINE#         50
  C:1204H         LINE#         51
  C:1228H         LINE#         52
  C:1250H         LINE#         53
  C:1252H         LINE#         54
  C:1255H         LINE#         55
  C:1264H         LINE#         56
  -------         ENDPROC       COMPARE_DETECT_DIST
  -------         ENDMOD        FCT_05A

  -------         MODULE        ?C?FPADD
  C:0055H         PUBLIC        ?C?FPADD
  C:0051H         PUBLIC        ?C?FPSUB
  -------         ENDMOD        ?C?FPADD

  -------         MODULE        ?C?FPMUL
  C:0146H         PUBLIC        ?C?FPMUL
  -------         ENDMOD        ?C?FPMUL

  -------         MODULE        ?C?FPDIV
  C:024FH         PUBLIC        ?C?FPDIV
  -------         ENDMOD        ?C?FPDIV

  -------         MODULE        ?C?FCAST
  C:02F6H         PUBLIC        ?C?FCASTC
  C:02F1H         PUBLIC        ?C?FCASTI
  C:02ECH         PUBLIC        ?C?FCASTL
  -------         ENDMOD        ?C?FCAST

  -------         MODULE        ?C?CASTF
  C:032AH         PUBLIC        ?C?CASTF
  -------         ENDMOD        ?C?CASTF

  -------         MODULE        PRINTF
  D:0022H         PUBLIC        ?_PRINTF?BYTE
  D:0022H         PUBLIC        ?_SPRINTF?BYTE
  C:0A73H         PUBLIC        _PRINTF
  C:0A6DH         PUBLIC        _SPRINTF
  -------         ENDMOD        PRINTF

  -------         MODULE        ?C?FPROUND
  C:03ABH         PUBLIC        ?C?FPROUND
  -------         ENDMOD        ?C?FPROUND

  -------         MODULE        ?C?FPCONVERT
  C:03DAH         PUBLIC        ?C?FPCONVERT
  -------         ENDMOD        ?C?FPCONVERT

  -------         MODULE        ?C?FTNPWR
  C:050DH         PUBLIC        ?C?FTNPWR
  -------         ENDMOD        ?C?FTNPWR

  -------         MODULE        ?C?COPY
  C:061DH         PUBLIC        ?C?COPY
  -------         ENDMOD        ?C?COPY

BL51 BANKED LINKER/LOCATER V6.22                                                      04/02/2019  17:37:20  PAGE 15


  -------         MODULE        ?C?CLDPTR
  C:0643H         PUBLIC        ?C?CLDPTR
  -------         ENDMOD        ?C?CLDPTR

  -------         MODULE        ?C?CLDOPTR
  C:065CH         PUBLIC        ?C?CLDOPTR
  -------         ENDMOD        ?C?CLDOPTR

  -------         MODULE        ?C?CSTPTR
  C:0689H         PUBLIC        ?C?CSTPTR
  -------         ENDMOD        ?C?CSTPTR

  -------         MODULE        ?C?IMUL
  C:069BH         PUBLIC        ?C?IMUL
  -------         ENDMOD        ?C?IMUL

  -------         MODULE        ?C?SIDIV
  C:06ADH         PUBLIC        ?C?SIDIV
  -------         ENDMOD        ?C?SIDIV

  -------         MODULE        ?C?SLDIV
  C:17AEH         PUBLIC        ?C?SLDIV
  -------         ENDMOD        ?C?SLDIV

  -------         MODULE        ?C?LNEG
  C:06E3H         PUBLIC        ?C?LNEG
  -------         ENDMOD        ?C?LNEG

  -------         MODULE        ?C?PLDIIDATA
  C:06F1H         PUBLIC        ?C?PLDIIDATA
  -------         ENDMOD        ?C?PLDIIDATA

  -------         MODULE        ?C?CCASE
  C:0701H         PUBLIC        ?C?CCASE
  -------         ENDMOD        ?C?CCASE

  -------         MODULE        PUTCHAR
  C:1892H         PUBLIC        _PUTCHAR
  -------         ENDMOD        PUTCHAR

  -------         MODULE        ABS
  C:198FH         PUBLIC        _ABS
  -------         ENDMOD        ABS

  -------         MODULE        ?C?STRCMP
  C:08A5H         PUBLIC        ?C?STRCMP
  -------         ENDMOD        ?C?STRCMP

  -------         MODULE        ?C?MEMSET
  C:08C2H         PUBLIC        ?C?MEMSET
  -------         ENDMOD        ?C?MEMSET

  -------         MODULE        ?C?UIDIV
  C:08EEH         PUBLIC        ?C?UIDIV
  -------         ENDMOD        ?C?UIDIV

  -------         MODULE        ?C?ULDIV
BL51 BANKED LINKER/LOCATER V6.22                                                      04/02/2019  17:37:20  PAGE 16


  C:097FH         PUBLIC        ?C?ULDIV
  -------         ENDMOD        ?C?ULDIV

*** WARNING L16: UNCALLED SEGMENT, IGNORED FOR OVERLAY PROCESS
    SEGMENT: ?PR?COMPARE_DETECT_DIST?FCT_05A

*** WARNING L1: UNRESOLVED EXTERNAL SYMBOL
    SYMBOL:  RUNNING
    MODULE:  FCT_03A.obj (FCT_03A)

*** WARNING L1: UNRESOLVED EXTERNAL SYMBOL
    SYMBOL:  TEMPS
    MODULE:  FCT_03A.obj (FCT_03A)

*** WARNING L1: UNRESOLVED EXTERNAL SYMBOL
    SYMBOL:  BUFFER
    MODULE:  FCT_03A.obj (FCT_03A)

*** WARNING L2: REFERENCE MADE TO UNRESOLVED EXTERNAL
    SYMBOL:  BUFFER
    MODULE:  FCT_03A.obj (FCT_03A)
    ADDRESS: 13CCH

*** WARNING L2: REFERENCE MADE TO UNRESOLVED EXTERNAL
    SYMBOL:  BUFFER
    MODULE:  FCT_03A.obj (FCT_03A)
    ADDRESS: 13CEH

*** WARNING L2: REFERENCE MADE TO UNRESOLVED EXTERNAL
    SYMBOL:  BUFFER
    MODULE:  FCT_03A.obj (FCT_03A)
    ADDRESS: 13F6H

*** WARNING L2: REFERENCE MADE TO UNRESOLVED EXTERNAL
    SYMBOL:  BUFFER
    MODULE:  FCT_03A.obj (FCT_03A)
    ADDRESS: 13F8H

*** WARNING L2: REFERENCE MADE TO UNRESOLVED EXTERNAL
    SYMBOL:  BUFFER
    MODULE:  FCT_03A.obj (FCT_03A)
    ADDRESS: 1427H

*** WARNING L2: REFERENCE MADE TO UNRESOLVED EXTERNAL
    SYMBOL:  BUFFER
    MODULE:  FCT_03A.obj (FCT_03A)
    ADDRESS: 1429H

*** WARNING L2: REFERENCE MADE TO UNRESOLVED EXTERNAL
    SYMBOL:  TEMPS
    MODULE:  FCT_03A.obj (FCT_03A)
    ADDRESS: 1485H

*** WARNING L2: REFERENCE MADE TO UNRESOLVED EXTERNAL
    SYMBOL:  TEMPS
    MODULE:  FCT_03A.obj (FCT_03A)
    ADDRESS: 1487H
BL51 BANKED LINKER/LOCATER V6.22                                                      04/02/2019  17:37:20  PAGE 17



*** WARNING L2: REFERENCE MADE TO UNRESOLVED EXTERNAL
    SYMBOL:  TEMPS
    MODULE:  FCT_03A.obj (FCT_03A)
    ADDRESS: 1489H

*** WARNING L2: REFERENCE MADE TO UNRESOLVED EXTERNAL
    SYMBOL:  TEMPS
    MODULE:  FCT_03A.obj (FCT_03A)
    ADDRESS: 148BH

*** WARNING L2: REFERENCE MADE TO UNRESOLVED EXTERNAL
    SYMBOL:  RUNNING
    MODULE:  FCT_03A.obj (FCT_03A)
    ADDRESS: 148DH

*** WARNING L2: REFERENCE MADE TO UNRESOLVED EXTERNAL
    SYMBOL:  RUNNING
    MODULE:  FCT_03A.obj (FCT_03A)
    ADDRESS: 1490H

*** WARNING L2: REFERENCE MADE TO UNRESOLVED EXTERNAL
    SYMBOL:  BUFFER
    MODULE:  FCT_03A.obj (FCT_03A)
    ADDRESS: 14A0H

*** WARNING L2: REFERENCE MADE TO UNRESOLVED EXTERNAL
    SYMBOL:  BUFFER
    MODULE:  FCT_03A.obj (FCT_03A)
    ADDRESS: 14A2H

*** WARNING L1: UNRESOLVED EXTERNAL SYMBOL
    SYMBOL:  RUNNING
    MODULE:  main.obj (MAIN)

*** WARNING L1: UNRESOLVED EXTERNAL SYMBOL
    SYMBOL:  TEMPS
    MODULE:  main.obj (MAIN)

*** WARNING L1: UNRESOLVED EXTERNAL SYMBOL
    SYMBOL:  BUFFER
    MODULE:  main.obj (MAIN)

*** WARNING L2: REFERENCE MADE TO UNRESOLVED EXTERNAL
    SYMBOL:  BUFFER
    MODULE:  main.obj (MAIN)
    ADDRESS: 16CDH

*** WARNING L2: REFERENCE MADE TO UNRESOLVED EXTERNAL
    SYMBOL:  BUFFER
    MODULE:  main.obj (MAIN)
    ADDRESS: 16D2H

*** WARNING L2: REFERENCE MADE TO UNRESOLVED EXTERNAL
    SYMBOL:  TEMPS
    MODULE:  main.obj (MAIN)
    ADDRESS: 177AH
BL51 BANKED LINKER/LOCATER V6.22                                                      04/02/2019  17:37:20  PAGE 18



*** WARNING L2: REFERENCE MADE TO UNRESOLVED EXTERNAL
    SYMBOL:  TEMPS
    MODULE:  main.obj (MAIN)
    ADDRESS: 177CH

*** WARNING L2: REFERENCE MADE TO UNRESOLVED EXTERNAL
    SYMBOL:  TEMPS
    MODULE:  main.obj (MAIN)
    ADDRESS: 177EH

*** WARNING L2: REFERENCE MADE TO UNRESOLVED EXTERNAL
    SYMBOL:  TEMPS
    MODULE:  main.obj (MAIN)
    ADDRESS: 1780H

*** WARNING L2: REFERENCE MADE TO UNRESOLVED EXTERNAL
    SYMBOL:  RUNNING
    MODULE:  main.obj (MAIN)
    ADDRESS: 178DH

*** WARNING L2: REFERENCE MADE TO UNRESOLVED EXTERNAL
    SYMBOL:  RUNNING
    MODULE:  main.obj (MAIN)
    ADDRESS: 1791H

*** WARNING L2: REFERENCE MADE TO UNRESOLVED EXTERNAL
    SYMBOL:  TEMPS
    MODULE:  main.obj (MAIN)
    ADDRESS: 1795H

*** WARNING L2: REFERENCE MADE TO UNRESOLVED EXTERNAL
    SYMBOL:  TEMPS
    MODULE:  main.obj (MAIN)
    ADDRESS: 1797H

*** WARNING L2: REFERENCE MADE TO UNRESOLVED EXTERNAL
    SYMBOL:  TEMPS
    MODULE:  main.obj (MAIN)
    ADDRESS: 1799H

*** WARNING L2: REFERENCE MADE TO UNRESOLVED EXTERNAL
    SYMBOL:  TEMPS
    MODULE:  main.obj (MAIN)
    ADDRESS: 179BH

*** WARNING L2: REFERENCE MADE TO UNRESOLVED EXTERNAL
    SYMBOL:  RUNNING
    MODULE:  main.obj (MAIN)
    ADDRESS: 17A6H

*** WARNING L2: REFERENCE MADE TO UNRESOLVED EXTERNAL
    SYMBOL:  RUNNING
    MODULE:  main.obj (MAIN)
    ADDRESS: 17A9H

*** WARNING L1: UNRESOLVED EXTERNAL SYMBOL
BL51 BANKED LINKER/LOCATER V6.22                                                      04/02/2019  17:37:20  PAGE 19


    SYMBOL:  BUFFER
    MODULE:  FCT_05A.obj (FCT_05A)

*** WARNING L2: REFERENCE MADE TO UNRESOLVED EXTERNAL
    SYMBOL:  BUFFER
    MODULE:  FCT_05A.obj (FCT_05A)
    ADDRESS: 0F86H

*** WARNING L2: REFERENCE MADE TO UNRESOLVED EXTERNAL
    SYMBOL:  BUFFER
    MODULE:  FCT_05A.obj (FCT_05A)
    ADDRESS: 0F88H

*** WARNING L2: REFERENCE MADE TO UNRESOLVED EXTERNAL
    SYMBOL:  BUFFER
    MODULE:  FCT_05A.obj (FCT_05A)
    ADDRESS: 0FB0H

*** WARNING L2: REFERENCE MADE TO UNRESOLVED EXTERNAL
    SYMBOL:  BUFFER
    MODULE:  FCT_05A.obj (FCT_05A)
    ADDRESS: 0FB2H

*** WARNING L2: REFERENCE MADE TO UNRESOLVED EXTERNAL
    SYMBOL:  BUFFER
    MODULE:  FCT_05A.obj (FCT_05A)
    ADDRESS: 0FDAH

*** WARNING L2: REFERENCE MADE TO UNRESOLVED EXTERNAL
    SYMBOL:  BUFFER
    MODULE:  FCT_05A.obj (FCT_05A)
    ADDRESS: 0FDCH

*** WARNING L2: REFERENCE MADE TO UNRESOLVED EXTERNAL
    SYMBOL:  BUFFER
    MODULE:  FCT_05A.obj (FCT_05A)
    ADDRESS: 1004H

*** WARNING L2: REFERENCE MADE TO UNRESOLVED EXTERNAL
    SYMBOL:  BUFFER
    MODULE:  FCT_05A.obj (FCT_05A)
    ADDRESS: 1006H

*** WARNING L2: REFERENCE MADE TO UNRESOLVED EXTERNAL
    SYMBOL:  BUFFER
    MODULE:  FCT_05A.obj (FCT_05A)
    ADDRESS: 103AH

*** WARNING L2: REFERENCE MADE TO UNRESOLVED EXTERNAL
    SYMBOL:  BUFFER
    MODULE:  FCT_05A.obj (FCT_05A)
    ADDRESS: 103CH

*** WARNING L2: REFERENCE MADE TO UNRESOLVED EXTERNAL
    SYMBOL:  BUFFER
    MODULE:  FCT_05A.obj (FCT_05A)
    ADDRESS: 1089H
BL51 BANKED LINKER/LOCATER V6.22                                                      04/02/2019  17:37:20  PAGE 20



*** WARNING L2: REFERENCE MADE TO UNRESOLVED EXTERNAL
    SYMBOL:  BUFFER
    MODULE:  FCT_05A.obj (FCT_05A)
    ADDRESS: 108BH

*** WARNING L2: REFERENCE MADE TO UNRESOLVED EXTERNAL
    SYMBOL:  BUFFER
    MODULE:  FCT_05A.obj (FCT_05A)
    ADDRESS: 10D8H

*** WARNING L2: REFERENCE MADE TO UNRESOLVED EXTERNAL
    SYMBOL:  BUFFER
    MODULE:  FCT_05A.obj (FCT_05A)
    ADDRESS: 10DAH

*** WARNING L2: REFERENCE MADE TO UNRESOLVED EXTERNAL
    SYMBOL:  BUFFER
    MODULE:  FCT_05A.obj (FCT_05A)
    ADDRESS: 125EH

*** WARNING L2: REFERENCE MADE TO UNRESOLVED EXTERNAL
    SYMBOL:  BUFFER
    MODULE:  FCT_05A.obj (FCT_05A)
    ADDRESS: 1260H

Program Size: data=101.3 xdata=126 code=6570
LINK/LOCATE RUN COMPLETE.  52 WARNING(S),  0 ERROR(S)
